// Jest Snapshot v1, https://goo.gl/fbAQLP

exports[`matches the snapshot 1`] = `
<div
  className="invoice-container"
>
  <div
    className="wrapper"
  >
    <div
      className="invoice"
    >
      <h3>
        Invoice Form
      </h3>
      <img
        alt="invoice"
        className="invoice-image"
        src="invoice.svg"
      />
    </div>
    <div
      className="invoice-structure"
    >
      <form
        onChange={[Function]}
        onSubmit={[Function]}
      >
        <p>
          <label>
            Due date
          </label>
          <input
            className="form-field"
            name="dueDate"
            type="text"
          />
        </p>
        <p>
          <label>
            Invoice value
          </label>
          <input
            className="form-field"
            name="invoiceValue"
            type="text"
          />
        </p>
        <p>
          <label>
            Customer
          </label>
          <input
            className="form-field"
            name="customer"
            type="text"
          />
        </p>
        <p>
          <label>
            Description
          </label>
          <input
            className="form-field"
            name="description"
            rows="5"
            type="text"
          />
        </p>
        <p
          className="full"
        >
          <button
            className="button"
            type="submit"
          >
            Add invoice
          </button>
        </p>
      </form>
    </div>
  </div>
</div>
`;
